// Jest Snapshot v1, https://goo.gl/fbAQLP

exports[`Icon render successfully 1`] = `
<svg
  className="ireact-icon qq"
>
  <use
    xlinkHref="#alipay"
  />
</svg>
`;

exports[`Icon 是个svg 1`] = `
<svg
  className="ireact-icon qq"
>
  <use
    xlinkHref="#alipay"
  />
</svg>
`;
